# Discord: сайт, API, гейтвей и CDN — то, что страдает от троттлинга по IP за Cloudflare
# и потому требует туннеля. Домены голосовых серверов (*.discord.media) сюда НЕ входят
# намеренно: голос упирается не в троттлинг, а в DPI, его лечит zapret2 — и напрямую
# задержка заметно ниже, чем через туннель.
discord.com
discordapp.com
discordapp.net
discordcdn.com
discord.gg
discord.app
discord.dev
discord.co
discord.gift
discord.new
discord.store
discord.design
discord.tools
discordstatus.com
discordactivities.com
discordsays.com
dis.gd
