# Мессенджеры. Telegram подключён целиком через "includes" в index.json — оттуда приходят его
# geosite и, что важнее, IP-диапазоны, которые правятся в одном месте.
#
# Домены Telegram НИЖЕ УДАЛЯТЬ НЕЛЬЗЯ, хотя для свежей панели они избыточны: "includes" понимают
# только версии от 2.32.0, а applist один на всех. Уберёшь их — панель постарше при следующей
# синхронизации СНИМЕТ эти правила (домен ушёл из списка) и ничем не заменит, потому что includes
# она не видит. Telegram у такого пользователя молча перестанет ходить через туннель, а прямой
# доступ к его DC в RU-сетях не работает. Дубли же безвредны: правила совпадают по домену.
telegram.org
t.me
telegram.me
telesco.pe
telegra.ph
tdesktop.com
cdn-telegram.org
whatsapp.com
whatsapp.net
wa.me
viber.com
viber.net
signal.org
signal.art
sgnl.link
whispersystems.org
signalusercontent.org
bip.com
kakao.com
kakaocdn.net
