# Соцсети и авторские платформы одним списком. Meta и X частично покрыты
# GEOSITE-категориями этого же пресета — дубль безвреден, зато список работает
# и без гео-базы, если её удалили ради места.
instagram.com
cdninstagram.com
facebook.com
fbcdn.net
fb.com
fbsbx.com
m.me
messenger.com
threads.net
threads.com
x.com
twitter.com
twimg.com
t.co
patreon.com
patreonusercontent.com
linkedin.com
licdn.com
lnkd.in
pinterest.com
pinterest.ru
pinimg.com
pin.it
tumblr.com
medium.com
substack.com
substackcdn.com
soundcloud.com
sndcdn.com
vimeo.com
vimeocdn.com
